../Core/Src/main.c:106:6:Ultrasonic_distance	8	static
../Core/Src/main.c:117:6:HAL_TIM_IC_CaptureCallback	16	static
../Core/Src/main.c:178:6:HAL_CAN_RxFifo0MsgPendingCallback	16	static
../Core/Src/main.c:196:5:main	24	static
../Core/Src/main.c:335:6:SystemClock_Config	88	static
../Core/Src/main.c:381:13:MX_ADC1_Init	24	static
../Core/Src/main.c:433:13:MX_ADC2_Init	24	static
../Core/Src/main.c:485:13:MX_CAN1_Init	48	static
../Core/Src/main.c:537:13:MX_TIM4_Init	48	static
../Core/Src/main.c:595:13:MX_USART2_UART_Init	8	static
../Core/Src/main.c:628:13:MX_GPIO_Init	48	static
../Core/Src/main.c:662:6:Error_Handler	4	static,ignoring_inline_asm
